<?xml version="1.0" encoding="UTF-8"?>
<testsuites name="jest tests" tests="4" failures="0" time="5.879">
  <testsuite name="undefined" errors="0" failures="0" skipped="0" timestamp="2019-09-28T02:37:45" time="3.203" tests="4">
    <testcase classname=" adds 1 + 2 to equal 3" name=" adds 1 + 2 to equal 3" time="0.007">
    </testcase>
    <testcase classname=" it should return a product" name=" it should return a product" time="0.002">
    </testcase>
    <testcase classname=" it should return products" name=" it should return products" time="0">
    </testcase>
    <testcase classname=" it should add a new product" name=" it should add a new product" time="0.003">
    </testcase>
  </testsuite>
</testsuites>